TAP version 13
# Subtest: Each diagram selects its signed Rust component and shares a global absolute scale
ok 1 - Each diagram selects its signed Rust component and shares a global absolute scale
  ---
  duration_ms: 22.44831
  ...
# Subtest: My and Vz lie in local xz; Vy lies in local xy
ok 2 - My and Vz lie in local xz; Vy lies in local xy
  ---
  duration_ms: 0.493108
  ...
# Subtest: Rotated member axes and camera foreshortening preserve the physical plane
ok 3 - Rotated member axes and camera foreshortening preserve the physical plane
  ---
  duration_ms: 0.867295
  ...
# Subtest: Zero shear stays on baseline and missing current axes suppress the plot
ok 4 - Zero shear stays on baseline and missing current axes suppress the plot
  ---
  duration_ms: 0.3236
  ...
1..4
# tests 4
# suites 0
# pass 4
# fail 0
# cancelled 0
# skipped 0
# todo 0
# duration_ms 132.960464
