
Running 34 tests using 1 worker

  ✓   1 tests/accessibility/a11y.spec.js:4:1 › landing and solved workspace accessibility (4.1s)
  ✓   2 tests/e2e/cad.spec.js:40:1 › M01 CAD pointer drawing, snap feedback, disconnected crossing and explicit connect (7.4s)
  ✓   3 tests/e2e/cad.spec.js:86:1 › M01 CAD multi-selection, move copy delete previews, measure and scoped shortcuts (9.6s)
  ✓   4 tests/e2e/cad.spec.js:151:1 › M01 CAD working planes, aligned grid, cursor zoom, box selection and camera invariance (7.4s)
  ✓   5 tests/e2e/canvas-first.spec.js:34:1 › Canvas first: place support, draw force, edit assignments and undo without dialogs (8.7s)
  ✓   6 tests/e2e/canvas-first.spec.js:94:1 › Canvas first: two-click members, distributed loads, measure and nonmodal precision panel (6.4s)
  ✓   7 tests/e2e/canvas-first.spec.js:134:1 › Canvas first: point-to-point copy and dependency delete stay on canvas (5.5s)
  ✓   8 tests/e2e/canvas-first.spec.js:159:1 › Canvas first: node placement, split, move and Escape preserve atomic history (8.3s)
  ✓   9 tests/e2e/canvas-first.spec.js:200:1 › Readable labels hide internal IDs and persist after copy and reopen (6.1s)
  ✓  10 tests/e2e/keyboard.spec.js:20:1 › M01 keyboard-only portal creation, numeric drawing, table editing and solve (6.3s)
  ✓  11 tests/e2e/portal.spec.js:19:1 › M01 portal: setup, sway, edit coordinates, undo, draw, reject, save and reopen (13.7s)
  ✓  12 tests/e2e/portal.spec.js:144:1 › M01 drawing Escape does not mutate and compact controls do not overflow (4.1s)
  ✓  13 tests/e2e/robustness.spec.js:4:1 › storage quota failure is explicit and downloads survive (1.4s)
  ✓  14 tests/e2e/robustness.spec.js:26:1 › single writer lock protects the second tab (1.8s)
  ✓  15 tests/e2e/robustness.spec.js:45:1 › GPU device destruction recovers model and current result (2.2s)
  ✓  16 tests/e2e/robustness.spec.js:76:1 › unknown engineering fields rejected atomically (1.3s)
  ✓  17 tests/e2e/robustness.spec.js:89:1 › cancel terminates a blocked Worker and restores the model (3.5s)
  ✓  18 tests/e2e/topology.spec.js:30:1 › M01 topology: axes, loaded split preview, undo, redo, oracle, save and reopen (8.0s)
  ✓  19 tests/e2e/topology.spec.js:130:1 › M01 topology: crossing stays disconnected, connect and merge are previewed and atomic (5.2s)
  ✓  20 tests/e2e/workbench.spec.js:13:1 › M00-tour: edit, solve, stale, select, export, reopen, instability (8.0s)
  ✓  21 tests/e2e/workbench.spec.js:117:1 › GPU unavailable retains analysis and exports (1.4s)
  ✓  22 tests/e2e/workbench.spec.js:128:1 › invalid import preserves current model and results (2.5s)
  ✓  23 tests/e2e/workbench.spec.js:147:1 › undo restores model hash and redo re-applies edit (2.4s)
  ✓  24 tests/e2e/workbench.spec.js:161:1 › narrow screen retains tables and portable export (1.1s)
  ✓  25 tests/e2e/workbench.spec.js:177:1 › unit-suffixed inputs are converted by Rust; incompatible units preserve model (2.6s)
  ✓  26 tests/e2e/workspace-ux.spec.js:3:1 › UX ribbon, keyboard context menu and property drafts preserve model state (3.2s)
  ✓  27 tests/e2e/workspace-ux.spec.js:40:1 › UX responsive panel navigation retains editable properties and results (1.9s)
  ✓  28 tests/performance-cad.spec.js:7:1 › M01 CAD capacity: 1000-member editing, 10000-member import picking orbit and export (1.3m)
  ✓  29 tests/performance.spec.js:3:1 › local warm startup and repeated cantilever solve baseline (6.4s)
  ✓  30 tests/startup.spec.js:5:1 › M01 startup: cached controls and viewport, cold network and compressed payload (11.8s)
  ✓  31 tests/visual/graphics.spec.js:3:1 › GPU ID attachment agrees with authoritative CPU ray; zoom/resize preserve engineering hash (2.4s)
  ✓  32 tests/visual/m01-graphics.spec.js:5:3 › M01 graphics: DPR 1, far-origin rebase, near-coincident warning, resize and clipping (2.6s)
  ✓  33 tests/visual/m01-graphics.spec.js:5:3 › M01 graphics: DPR 2, far-origin rebase, near-coincident warning, resize and clipping (4.2s)
  ✓  34 tests/visual/m01-graphics.spec.js:63:1 › M01 graphics: depth occlusion and changing camera during asynchronous selection (2.3s)

  34 passed (4.1m)
(node:22687) Warning: The 'NO_COLOR' env is ignored due to the 'FORCE_COLOR' env being set.
(Use `node --trace-warnings ...` to show where the warning was created)
(node:22687) Warning: The 'NO_COLOR' env is ignored due to the 'FORCE_COLOR' env being set.
(Use `node --trace-warnings ...` to show where the warning was created)
