TAP version 13
# Subtest: M01 gate rejects stale, failed, empty and missing test families
ok 1 - M01 gate rejects stale, failed, empty and missing test families
  ---
  duration_ms: 2.249042
  ...
# Subtest: M01 gate cannot substitute software GPU or macOS for required hardware
ok 2 - M01 gate cannot substitute software GPU or macOS for required hardware
  ---
  duration_ms: 0.434268
  ...
# Subtest: M01 gate rejects incomplete browser coverage, capacity and computer use
ok 3 - M01 gate rejects incomplete browser coverage, capacity and computer use
  ---
  duration_ms: 0.261312
  ...
# Subtest: M01-UX gate requires all eight UX acceptance IDs and fresh successful evidence
ok 4 - M01-UX gate requires all eight UX acceptance IDs and fresh successful evidence
  ---
  duration_ms: 1.063651
  ...
1..4
# tests 4
# suites 0
# pass 4
# fail 0
# cancelled 0
# skipped 0
# todo 0
# duration_ms 96.54575
