{
  "nodes": 20,
  "members": 25,
  "supports": 8,
  "applied": [
    0,
    45000,
    -180000
  ],
  "reactions": [
    9.549694368615746e-12,
    -44999.99999999981,
    179999.99999999997
  ],
  "balance": [
    9.549694368615746e-12,
    1.7917045624926686e-10,
    -2.9103830456733704e-11,
    -8.149072527885437e-10,
    5.820766091346741e-11,
    -4.452886059880257e-9
  ],
  "maxTranslation": 0.008797537612550494,
  "oracleComparisons": 468,
  "wasmComparisons": 468,
  "numericalChecks": {
    "forcePass": true,
    "globalBalance": [
      1.000444171950221e-11,
      1.8553691916167736e-10,
      -1.4551915228366852e-11,
      -8.149072527885437e-10,
      0,
      -4.452886059880257e-9
    ],
    "matrixNnz": 732,
    "minScaledPivot": 0.012286443853760603,
    "momentPass": true,
    "origin": [
      0,
      0,
      0
    ],
    "scaledResidual": 8.156895249364065e-17
  }
}
