TAP version 13
# Subtest: Each diagram selects its signed Rust component and shares a global absolute scale
ok 1 - Each diagram selects its signed Rust component and shares a global absolute scale
  ---
  duration_ms: 22.81697
  ...
# Subtest: My and Vz lie in local xz; Vy lies in local xy
ok 2 - My and Vz lie in local xz; Vy lies in local xy
  ---
  duration_ms: 0.477075
  ...
# Subtest: Rotated member axes and camera foreshortening preserve the physical plane
ok 3 - Rotated member axes and camera foreshortening preserve the physical plane
  ---
  duration_ms: 0.822026
  ...
# Subtest: Zero shear stays on baseline and missing current axes suppress the plot
ok 4 - Zero shear stays on baseline and missing current axes suppress the plot
  ---
  duration_ms: 1.163866
  ...
# Subtest: Deformation preserves actual 3D displacement and camera depth
ok 5 - Deformation preserves actual 3D displacement and camera depth
  ---
  duration_ms: 0.417578
  ...
# Subtest: Mz uses local y; axial and torsion stay on member without invented transverse planes
ok 6 - Mz uses local y; axial and torsion stay on member without invented transverse planes
  ---
  duration_ms: 0.339385
  ...
1..6
# tests 6
# suites 0
# pass 6
# fail 0
# cancelled 0
# skipped 0
# todo 0
# duration_ms 118.681191
