
> structural-workbench@0.1.0 build
> node tools/build.mjs

   Compiling workbench-model v0.1.0 (/Users/p.munaawa/Documents/projects/labs/gusset/crates/model)
   Compiling workbench-frame v0.1.0 (/Users/p.munaawa/Documents/projects/labs/gusset/crates/frame)
   Compiling workbench-solver v0.1.0 (/Users/p.munaawa/Documents/projects/labs/gusset/crates/solver)
   Compiling workbench-design v0.1.0 (/Users/p.munaawa/Documents/projects/labs/gusset/crates/design)
warning: unused import: `verify_lock_and_manifest`
  --> crates/design/src/profile/aisc36022/mod.rs:20:46
   |
20 | pub use verify::{aisc_s2_resources_verified, verify_lock_and_manifest, verify_vault_pdfs_if_present};
   |                                              ^^^^^^^^^^^^^^^^^^^^^^^^
   |
   = note: `#[warn(unused_imports)]` (part of `#[warn(unused)]`) on by default

warning: constant `IN_TO_M` is never used
 --> crates/design/src/profile/aisc36022/units.rs:3:11
  |
3 | pub const IN_TO_M: f64 = 0.0254;
  |           ^^^^^^^
  |
  = note: `#[warn(dead_code)]` (part of `#[warn(unused)]`) on by default

warning: constant `FT_TO_M` is never used
 --> crates/design/src/profile/aisc36022/units.rs:4:11
  |
4 | pub const FT_TO_M: f64 = 0.3048;
  |           ^^^^^^^

warning: constant `KIP_TO_N` is never used
 --> crates/design/src/profile/aisc36022/units.rs:5:11
  |
5 | pub const KIP_TO_N: f64 = 4_448.221_615_260_5;
  |           ^^^^^^^^

warning: constant `KSI_TO_PA` is never used
 --> crates/design/src/profile/aisc36022/units.rs:6:11
  |
6 | pub const KSI_TO_PA: f64 = 6.894_757_293_168_361e6;
  |           ^^^^^^^^^

warning: constant `KIP_FT_TO_NM` is never used
 --> crates/design/src/profile/aisc36022/units.rs:7:11
  |
7 | pub const KIP_FT_TO_NM: f64 = KIP_TO_N * FT_TO_M;
  |           ^^^^^^^^^^^^

   Compiling workbench-assembly v0.1.0 (/Users/p.munaawa/Documents/projects/labs/gusset/crates/assembly)
   Compiling workbench-exchange v0.1.0 (/Users/p.munaawa/Documents/projects/labs/gusset/crates/exchange)
warning: `workbench-design` (lib) generated 6 warnings (run `cargo fix --lib -p workbench-design` to apply 1 suggestion)
   Compiling workbench-wasm-api v0.1.0 (/Users/p.munaawa/Documents/projects/labs/gusset/crates/wasm-api)
    Finished `release` profile [optimized] target(s) in 1m 02s
   Compiling workbench-model v0.1.0 (/Users/p.munaawa/Documents/projects/labs/gusset/crates/model)
   Compiling workbench-design v0.1.0 (/Users/p.munaawa/Documents/projects/labs/gusset/crates/design)
   Compiling workbench-solver v0.1.0 (/Users/p.munaawa/Documents/projects/labs/gusset/crates/solver)
   Compiling workbench-frame v0.1.0 (/Users/p.munaawa/Documents/projects/labs/gusset/crates/frame)
warning: unused import: `verify_lock_and_manifest`
  --> crates/design/src/profile/aisc36022/mod.rs:20:46
   |
20 | pub use verify::{aisc_s2_resources_verified, verify_lock_and_manifest, verify_vault_pdfs_if_present};
   |                                              ^^^^^^^^^^^^^^^^^^^^^^^^
   |
   = note: `#[warn(unused_imports)]` (part of `#[warn(unused)]`) on by default

warning: constant `IN_TO_M` is never used
 --> crates/design/src/profile/aisc36022/units.rs:3:11
  |
3 | pub const IN_TO_M: f64 = 0.0254;
  |           ^^^^^^^
  |
  = note: `#[warn(dead_code)]` (part of `#[warn(unused)]`) on by default

warning: constant `FT_TO_M` is never used
 --> crates/design/src/profile/aisc36022/units.rs:4:11
  |
4 | pub const FT_TO_M: f64 = 0.3048;
  |           ^^^^^^^

warning: constant `KIP_TO_N` is never used
 --> crates/design/src/profile/aisc36022/units.rs:5:11
  |
5 | pub const KIP_TO_N: f64 = 4_448.221_615_260_5;
  |           ^^^^^^^^

warning: constant `KSI_TO_PA` is never used
 --> crates/design/src/profile/aisc36022/units.rs:6:11
  |
6 | pub const KSI_TO_PA: f64 = 6.894_757_293_168_361e6;
  |           ^^^^^^^^^

warning: constant `KIP_FT_TO_NM` is never used
 --> crates/design/src/profile/aisc36022/units.rs:7:11
  |
7 | pub const KIP_FT_TO_NM: f64 = KIP_TO_N * FT_TO_M;
  |           ^^^^^^^^^^^^

   Compiling workbench-assembly v0.1.0 (/Users/p.munaawa/Documents/projects/labs/gusset/crates/assembly)
warning: `workbench-design` (lib) generated 6 warnings (run `cargo fix --lib -p workbench-design` to apply 1 suggestion)
   Compiling workbench-cli v0.1.0 (/Users/p.munaawa/Documents/projects/labs/gusset/crates/cli)
    Finished `release` profile [optimized] target(s) in 1m 01s
Built static app c0012b5fc75712da60552daf122cad362bce2f0e00606179b925115d9d24caef
