TAP version 13
# Subtest: M01 gate rejects stale, failed, empty and missing test families
ok 1 - M01 gate rejects stale, failed, empty and missing test families
  ---
  duration_ms: 2.193906
  ...
# Subtest: M01 gate cannot substitute software GPU or macOS for required hardware
ok 2 - M01 gate cannot substitute software GPU or macOS for required hardware
  ---
  duration_ms: 0.517456
  ...
# Subtest: M01 gate rejects incomplete browser coverage, capacity and computer use
ok 3 - M01 gate rejects incomplete browser coverage, capacity and computer use
  ---
  duration_ms: 0.217086
  ...
1..3
# tests 3
# suites 0
# pass 3
# fail 0
# cancelled 0
# skipped 0
# todo 0
# duration_ms 153.389588
