
running 0 tests

test result: ok. 0 passed; 0 failed; 0 ignored; 0 measured; 0 filtered out; finished in 0.00s


running 4 tests
test load_scale_and_superposition ... ok
test edits_scaling_and_instability ... ok
test translation_and_storage_order_invariance ... ok
test analytical_b01_to_b11 ... ok

test result: ok. 4 passed; 0 failed; 0 ignored; 0 measured; 0 filtered out; finished in 0.02s


running 0 tests

test result: ok. 0 passed; 0 failed; 0 ignored; 0 measured; 0 filtered out; finished in 0.00s


running 0 tests

test result: ok. 0 passed; 0 failed; 0 ignored; 0 measured; 0 filtered out; finished in 0.00s


running 0 tests

test result: ok. 0 passed; 0 failed; 0 ignored; 0 measured; 0 filtered out; finished in 0.00s


running 0 tests

test result: ok. 0 passed; 0 failed; 0 ignored; 0 measured; 0 filtered out; finished in 0.00s


running 2 tests
test six_rigid_body_modes_and_symmetry ... ok
test axial_strain_energy_and_rotated_symmetry ... ok

test result: ok. 2 passed; 0 failed; 0 ignored; 0 measured; 0 filtered out; finished in 0.00s


running 0 tests

test result: ok. 0 passed; 0 failed; 0 ignored; 0 measured; 0 filtered out; finished in 0.00s


running 0 tests

test result: ok. 0 passed; 0 failed; 0 ignored; 0 measured; 0 filtered out; finished in 0.00s


running 4 tests
test rejects_unknown_and_negative_fields ... ok
test geometry_diagnostics ... ok
test labels_units_revision_do_not_change_hash ... ok
test negative_seed_diagnostics ... ok

test result: ok. 4 passed; 0 failed; 0 ignored; 0 measured; 0 filtered out; finished in 0.01s


running 0 tests

test result: ok. 0 passed; 0 failed; 0 ignored; 0 measured; 0 filtered out; finished in 0.00s


running 0 tests

test result: ok. 0 passed; 0 failed; 0 ignored; 0 measured; 0 filtered out; finished in 0.00s


running 1 test
test units ... ok

test result: ok. 1 passed; 0 failed; 0 ignored; 0 measured; 0 filtered out; finished in 0.00s


running 0 tests

test result: ok. 0 passed; 0 failed; 0 ignored; 0 measured; 0 filtered out; finished in 0.00s


running 2 tests
test engineering_units_are_parsed_in_rust_and_fail_atomically ... ok
test atomic_undo_revision_conflict ... ok

test result: ok. 2 passed; 0 failed; 0 ignored; 0 measured; 0 filtered out; finished in 0.01s


running 0 tests

test result: ok. 0 passed; 0 failed; 0 ignored; 0 measured; 0 filtered out; finished in 0.00s


running 0 tests

test result: ok. 0 passed; 0 failed; 0 ignored; 0 measured; 0 filtered out; finished in 0.00s


running 0 tests

test result: ok. 0 passed; 0 failed; 0 ignored; 0 measured; 0 filtered out; finished in 0.00s


running 0 tests

test result: ok. 0 passed; 0 failed; 0 ignored; 0 measured; 0 filtered out; finished in 0.00s


running 0 tests

test result: ok. 0 passed; 0 failed; 0 ignored; 0 measured; 0 filtered out; finished in 0.00s


running 0 tests

test result: ok. 0 passed; 0 failed; 0 ignored; 0 measured; 0 filtered out; finished in 0.00s


running 0 tests

test result: ok. 0 passed; 0 failed; 0 ignored; 0 measured; 0 filtered out; finished in 0.00s


running 0 tests

test result: ok. 0 passed; 0 failed; 0 ignored; 0 measured; 0 filtered out; finished in 0.00s


running 0 tests

test result: ok. 0 passed; 0 failed; 0 ignored; 0 measured; 0 filtered out; finished in 0.00s


running 0 tests

test result: ok. 0 passed; 0 failed; 0 ignored; 0 measured; 0 filtered out; finished in 0.00s

    Finished `test` profile [unoptimized + debuginfo] target(s) in 1.70s
     Running unittests src/lib.rs (target/debug/deps/workbench_assembly-81cd25464be33af2)
     Running tests/analytical.rs (target/debug/deps/analytical-1644d477af80bc87)
     Running unittests src/main.rs (target/debug/deps/workbench_cli-a5e1657798293aed)
     Running unittests src/lib.rs (target/debug/deps/workbench_design-87d7bd5d18d7c65a)
     Running unittests src/lib.rs (target/debug/deps/workbench_exchange-59c35d58e0683eac)
     Running unittests src/lib.rs (target/debug/deps/workbench_frame-98575114077e4e77)
     Running tests/element.rs (target/debug/deps/element-41a71953fb7c96c8)
     Running unittests src/lib.rs (target/debug/deps/workbench_geometry-b01dad022604d8da)
     Running unittests src/lib.rs (target/debug/deps/workbench_model-37ac63cffcecc03e)
     Running tests/validation.rs (target/debug/deps/validation-c0191aaa1c73065c)
     Running unittests src/lib.rs (target/debug/deps/workbench_results-ac522bd418542cf0)
     Running unittests src/lib.rs (target/debug/deps/workbench_solver-0f629ec36abd834e)
     Running unittests src/lib.rs (target/debug/deps/workbench_units-b70ceb18dab5df68)
     Running unittests src/lib.rs (target/debug/deps/workbench_wasm_api-ccf40874d2c5536d)
     Running tests/commands.rs (target/debug/deps/commands-973329f7bd33dc70)
   Doc-tests workbench_assembly
   Doc-tests workbench_design
   Doc-tests workbench_exchange
   Doc-tests workbench_frame
   Doc-tests workbench_geometry
   Doc-tests workbench_model
   Doc-tests workbench_results
   Doc-tests workbench_solver
   Doc-tests workbench_units
   Doc-tests workbench_wasm_api
