
Running 17 tests using 1 worker

(node:62602) Warning: The 'NO_COLOR' env is ignored due to the 'FORCE_COLOR' env being set.
(Use `node --trace-warnings ...` to show where the warning was created)
(node:62602) Warning: The 'NO_COLOR' env is ignored due to the 'FORCE_COLOR' env being set.
(Use `node --trace-warnings ...` to show where the warning was created)
  ✓   1 tests/e2e/canvas-first.spec.js:35:1 › Canvas first: place support, draw force, edit assignments and undo without dialogs (10.9s)
  ✓   2 tests/e2e/canvas-first.spec.js:99:1 › Canvas first: two-click members, distributed loads, measure and nonmodal precision panel (6.3s)
  ✓   3 tests/e2e/canvas-first.spec.js:139:1 › Canvas first: point-to-point copy and dependency delete stay on canvas (5.4s)
  ✓   4 tests/e2e/canvas-first.spec.js:164:1 › Canvas first: node placement, split, move and Escape preserve atomic history (8.7s)
  ✓   5 tests/e2e/canvas-first.spec.js:205:1 › Readable labels hide internal IDs and persist after copy and reopen (4.7s)
  ✓   6 tests/e2e/design-previews.spec.js:6:3 › Concrete preview rcBeam: source, stale, undo, persistence and export (5.7s)
  ✓   7 tests/e2e/design-previews.spec.js:6:3 › Concrete preview slab: source, stale, undo, persistence and export (5.0s)
  ✓   8 tests/e2e/design-previews.spec.js:6:3 › Concrete preview padFooting: source, stale, undo, persistence and export (7.1s)
  ✓   9 tests/e2e/hierarchy.spec.js:18:1 › M03 hierarchy: split shows physical parent and analytical children (4.0s)
  ✓  10 tests/e2e/m04-record.spec.js:12:1 › M04 record: export/import equivalence and report matches displayed results (3.8s)
  ✓  11 tests/e2e/migrations.spec.js:12:1 › M04 migration: 0.9.0 imports, retains original, unknown schema refused (3.7s)
  ✓  12 tests/e2e/model-explorer.spec.js:3:1 › Reference Explorer: nested elements, search, disclosure state and selection (4.9s)
  ✓  13 tests/e2e/native-steel-design.spec.js:43:1 › DW-E/F: model-native catalogue, check, provenance, stale, undo and reopen (6.8s)
  ✓  14 tests/e2e/native-steel-design.spec.js:134:1 › DW-F4: fail reaches governing station and clause; LTB stays unsupported (6.7s)
  ✓  15 tests/e2e/structure-model.spec.js:9:1 › Authored structure survives save, undo, topology and reopen; invalid bindings fail closed (12.0s)
  ✓  16 tests/e2e/topology.spec.js:31:1 › M01 topology: axes, loaded split preview, undo, redo, oracle, save and reopen (11.2s)
  ✓  17 tests/e2e/topology.spec.js:131:1 › M01 topology: crossing stays disconnected, connect and merge are previewed and atomic (5.3s)

  17 passed (2.0m)
