warning: unused import: `verify_lock_and_manifest`
  --> crates/design/src/profile/aisc36022/mod.rs:20:46
   |
20 | pub use verify::{aisc_s2_resources_verified, verify_lock_and_manifest, verify_vault_pdfs_if_present};
   |                                              ^^^^^^^^^^^^^^^^^^^^^^^^
   |
   = note: `#[warn(unused_imports)]` (part of `#[warn(unused)]`) on by default

warning: constant `IN_TO_M` is never used
 --> crates/design/src/profile/aisc36022/units.rs:3:11
  |
3 | pub const IN_TO_M: f64 = 0.0254;
  |           ^^^^^^^
  |
  = note: `#[warn(dead_code)]` (part of `#[warn(unused)]`) on by default

warning: constant `FT_TO_M` is never used
 --> crates/design/src/profile/aisc36022/units.rs:4:11
  |
4 | pub const FT_TO_M: f64 = 0.3048;
  |           ^^^^^^^

warning: constant `KIP_TO_N` is never used
 --> crates/design/src/profile/aisc36022/units.rs:5:11
  |
5 | pub const KIP_TO_N: f64 = 4_448.221_615_260_5;
  |           ^^^^^^^^

warning: constant `KSI_TO_PA` is never used
 --> crates/design/src/profile/aisc36022/units.rs:6:11
  |
6 | pub const KSI_TO_PA: f64 = 6.894_757_293_168_361e6;
  |           ^^^^^^^^^

warning: constant `KIP_FT_TO_NM` is never used
 --> crates/design/src/profile/aisc36022/units.rs:7:11
  |
7 | pub const KIP_FT_TO_NM: f64 = KIP_TO_N * FT_TO_M;
  |           ^^^^^^^^^^^^

warning: `workbench-design` (lib) generated 6 warnings (run `cargo fix --lib -p workbench-design` to apply 1 suggestion)
warning: `workbench-design` (lib test) generated 1 warning (1 duplicate)
    Finished `test` profile [unoptimized + debuginfo] target(s) in 0.14s
     Running unittests src/lib.rs (target/debug/deps/workbench_assembly-05feb18aef1e70de)

running 0 tests

test result: ok. 0 passed; 0 failed; 0 ignored; 0 measured; 0 filtered out; finished in 0.00s

     Running tests/analytical.rs (target/debug/deps/analytical-cfcac3cfdddca090)

running 15 tests
test analytical_id_collision_is_rejected ... ok
test b07_key_stations_capture_exact_midspan_moment ... ok
test edits_scaling_and_instability ... ok
test load_scale_and_superposition ... ok
test m03_local_y_roll_swaps_bending_axes ... ok
test n06_removed_support_is_unstable_at_analyse ... ok
test n22_envelope_rejects_single_case ... ok
test m01_global_rotation_relabelling_reordering_and_endpoint_reversal ... ok
test point_station_at_end_is_invalid ... ok
test p01_interior_point_matches_b05_closed_form ... ok
test r01_my_releases_under_udl_match_simply_supported ... ok
test m03_all_axis_unit_nodal_actions ... ok
test translation_and_storage_order_invariance ... ok
test v01_envelope_exposes_governing_combination ... ok
test analytical_b01_to_b11 ... ok

test result: ok. 15 passed; 0 failed; 0 ignored; 0 measured; 0 filtered out; finished in 0.03s

     Running unittests src/main.rs (target/debug/deps/workbench_cli-ee92263134a2405b)

running 1 test
test tests::s22_e_sweep_changes_hash_and_tip ... ok

test result: ok. 1 passed; 0 failed; 0 ignored; 0 measured; 0 filtered out; finished in 0.01s

     Running unittests src/lib.rs (target/debug/deps/workbench_design-c7924da7408aecf6)

running 15 tests
test profile::aisc36022::fixture_tests::s2_f11b_flexure_matches_example ... ok
test profile::aisc36022::fixture_tests::s2_e1c_compression_matches_example ... ok
test profile::aisc36022::fixture_tests::s2_d1_tension_matches_example ... ok
test profile::aisc36022::fixture_tests::s2_g1b_shear_matches_example ... ok
test profile::aisc36022::tests::lb_gt_zero_flexure_is_unsupported ... ok
test profile::aisc36022::tests::missing_classification_ratios_are_unsupported ... ok
test profile::aisc36022::fixture_tests::s2_h1b_interaction_matches_example ... ok
test profile::aisc36022::tests::missing_zx_flexure_is_unsupported_not_numeric_fail ... ok
test profile::aisc36022::tests::rejects_hss_and_torsion ... ok
test tests::b12_corner_extrema_and_axis_probes ... ok
test tests::overall_fail_beats_unsupported ... ok
test profile::aisc36022::verify::tests::committed_lock_and_manifest_verify ... ok
test tests::registry_enables_aisc_when_lock_and_fixtures_verify ... ok
test tests::unknown_profile_is_error ... ok
test profile::aisc36022::verify::tests::vault_pdfs_match_lock_when_present ... ok

test result: ok. 15 passed; 0 failed; 0 ignored; 0 measured; 0 filtered out; finished in 2.41s

     Running unittests src/lib.rs (target/debug/deps/workbench_exchange-59c35d58e0683eac)

running 0 tests

test result: ok. 0 passed; 0 failed; 0 ignored; 0 measured; 0 filtered out; finished in 0.00s

     Running unittests src/lib.rs (target/debug/deps/workbench_frame-98575114077e4e77)

running 2 tests
test tests::condense_udl_both_mz_releases_zeros_end_moments_in_fe ... ok
test tests::condense_udl_both_my_releases_zeros_end_moments_in_fe ... ok

test result: ok. 2 passed; 0 failed; 0 ignored; 0 measured; 0 filtered out; finished in 0.00s

     Running tests/element.rs (target/debug/deps/element-41a71953fb7c96c8)

running 2 tests
test six_rigid_body_modes_and_symmetry ... ok
test axial_strain_energy_and_rotated_symmetry ... ok

test result: ok. 2 passed; 0 failed; 0 ignored; 0 measured; 0 filtered out; finished in 0.00s

     Running unittests src/lib.rs (target/debug/deps/workbench_geometry-b01dad022604d8da)

running 0 tests

test result: ok. 0 passed; 0 failed; 0 ignored; 0 measured; 0 filtered out; finished in 0.00s

     Running unittests src/lib.rs (target/debug/deps/workbench_model-37ac63cffcecc03e)

running 4 tests
test section_props::tests::rejects_non_positive ... ok
test section_props::tests::rectangle_swaps_inertias_with_axes ... ok
test section_props::tests::custom_j_overrides_saint_venant ... ok
test section_props::tests::square_matches_exact_second_moments ... ok

test result: ok. 4 passed; 0 failed; 0 ignored; 0 measured; 0 filtered out; finished in 0.00s

     Running tests/migrate.rs (target/debug/deps/migrate-90156596b82f541c)

running 3 tests
test unknown_future_schema_is_refused ... ok
test current_schema_import_is_identity_migration ... ok
test migrates_0_9_to_1_0_and_matches_current_hash ... ok

test result: ok. 3 passed; 0 failed; 0 ignored; 0 measured; 0 filtered out; finished in 0.00s

     Running tests/validation.rs (target/debug/deps/validation-c0191aaa1c73065c)

running 4 tests
test geometry_diagnostics ... ok
test labels_units_revision_do_not_change_hash ... ok
test rejects_unknown_and_negative_fields ... ok
test negative_seed_diagnostics ... ok

test result: ok. 4 passed; 0 failed; 0 ignored; 0 measured; 0 filtered out; finished in 0.02s

     Running unittests src/lib.rs (target/debug/deps/workbench_results-ac522bd418542cf0)

running 0 tests

test result: ok. 0 passed; 0 failed; 0 ignored; 0 measured; 0 filtered out; finished in 0.00s

     Running unittests src/lib.rs (target/debug/deps/workbench_solver-0f629ec36abd834e)

running 1 test
test tests::sparse_budget_allows_framed_scale_but_rejects_near_dense ... ok

test result: ok. 1 passed; 0 failed; 0 ignored; 0 measured; 0 filtered out; finished in 0.00s

     Running unittests src/lib.rs (target/debug/deps/workbench_units-b70ceb18dab5df68)

running 1 test
test units ... ok

test result: ok. 1 passed; 0 failed; 0 ignored; 0 measured; 0 filtered out; finished in 0.00s

     Running unittests src/lib.rs (target/debug/deps/workbench_wasm_api-7af56748c7620ad4)

running 0 tests

test result: ok. 0 passed; 0 failed; 0 ignored; 0 measured; 0 filtered out; finished in 0.00s

     Running tests/cad.rs (target/debug/deps/cad-5e26a7c251a0ace2)

running 6 tests
test near_coincident_nodes_warn_without_mutation ... ok
test projected_crossing_index_selection_depth_and_measurement ... ok
test three_working_planes_snap_midpoint_grid_and_units ... ok
test move_copy_delete_previews_and_undo_are_atomic ... ok
test visible_labels_survive_copy_delete_undo_and_reopen ... ok
test copy_bay_builds_spatial_frame_with_supports_and_ties ... ok

test result: ok. 6 passed; 0 failed; 0 ignored; 0 measured; 0 filtered out; finished in 0.04s

     Running tests/commands.rs (target/debug/deps/commands-0f68f775a235ef01)

running 9 tests
test compute_section_solid_rectangle_and_custom_j ... ok
test crossing_snap_does_not_split_or_connect_members ... ok
test engineering_units_are_parsed_in_rust_and_fail_atomically ... ok
test atomic_undo_revision_conflict ... ok
test force_replace_import_with_null_revision ... ok
test analyse_multiple_ids_returns_envelope_with_provenance ... ok
test snapping_is_authoritative_and_does_not_change_topology ... ok
test member_creation_batch_is_one_atomic_history_step ... ok
test load_variant_unit_conversion_preserves_exact_schema ... ok

test result: ok. 9 passed; 0 failed; 0 ignored; 0 measured; 0 filtered out; finished in 0.02s

     Running tests/design_workspace.rs (target/debug/deps/design_workspace-ed782fffd49b657f)

running 6 tests
test mismatched_section_invalidates_readiness_and_forged_result_is_rejected ... ok
test native_binding_readiness_persistence_and_exact_undo ... ok
test invalid_settings_fail_atomically_and_provenance_changes_hash ... ok
test native_no_seed_flexure_and_shear_have_exact_station_provenance ... ok
test weak_axis_and_zero_actions_are_fail_closed ... ok
test unsupported_compactness_ltb_and_missing_tension_details_never_pass ... ok

test result: ok. 6 passed; 0 failed; 0 ignored; 0 measured; 0 filtered out; finished in 0.15s

     Running tests/preview_workspace.rs (target/debug/deps/preview_workspace-2f9f14510283c5b0)

running 3 tests
test preview_invalid_geometry_is_atomic_and_slab_refuses_frame_actions ... ok
test preview_model_sources_are_exact_and_stale_or_forged_results_rejected ... ok
test preview_all_families_persist_and_never_claim_compliance ... ok

test result: ok. 3 passed; 0 failed; 0 ignored; 0 measured; 0 filtered out; finished in 0.06s

     Running tests/structure.rs (target/debug/deps/structure-7e0d9e96c8802f1b)

running 4 tests
test grids_units_and_duplicate_ids_are_validated ... ok
test strict_current_import_rejects_incomplete_and_false_engineering_claims ... ok
test copy_preserves_joint_storey_and_collection_and_merge_refuses_property_loss ... ok
test migration_authorship_hashes_and_atomic_references ... ok

test result: ok. 4 passed; 0 failed; 0 ignored; 0 measured; 0 filtered out; finished in 0.04s

     Running tests/topology.rs (target/debug/deps/topology-210502f1d2e94d51)

running 7 tests
test local_axes_reversal_vertical_and_skew_are_right_handed ... ok
test connect_crossing_is_explicit_and_reuses_one_shared_node ... ok
test merge_moves_references_rejects_conflicts_distance_and_zero_length ... ok
test connect_t_junction_reuses_endpoint_and_three_way_crossing_is_single_joint ... ok
test merge_repeated_loads_and_stale_preview_cannot_mutate ... ok
test split_self_weight_and_bad_stations_are_atomic ... ok
test split_uniform_load_preserves_response_provenance_and_exact_undo ... ok

test result: ok. 7 passed; 0 failed; 0 ignored; 0 measured; 0 filtered out; finished in 0.06s

   Doc-tests workbench_assembly

running 0 tests

test result: ok. 0 passed; 0 failed; 0 ignored; 0 measured; 0 filtered out; finished in 0.00s

   Doc-tests workbench_design

running 0 tests

test result: ok. 0 passed; 0 failed; 0 ignored; 0 measured; 0 filtered out; finished in 0.00s

   Doc-tests workbench_exchange

running 0 tests

test result: ok. 0 passed; 0 failed; 0 ignored; 0 measured; 0 filtered out; finished in 0.00s

   Doc-tests workbench_frame

running 0 tests

test result: ok. 0 passed; 0 failed; 0 ignored; 0 measured; 0 filtered out; finished in 0.00s

   Doc-tests workbench_geometry

running 0 tests

test result: ok. 0 passed; 0 failed; 0 ignored; 0 measured; 0 filtered out; finished in 0.00s

   Doc-tests workbench_model

running 0 tests

test result: ok. 0 passed; 0 failed; 0 ignored; 0 measured; 0 filtered out; finished in 0.00s

   Doc-tests workbench_results

running 0 tests

test result: ok. 0 passed; 0 failed; 0 ignored; 0 measured; 0 filtered out; finished in 0.00s

   Doc-tests workbench_solver

running 0 tests

test result: ok. 0 passed; 0 failed; 0 ignored; 0 measured; 0 filtered out; finished in 0.00s

   Doc-tests workbench_units

running 0 tests

test result: ok. 0 passed; 0 failed; 0 ignored; 0 measured; 0 filtered out; finished in 0.00s

   Doc-tests workbench_wasm_api

running 0 tests

test result: ok. 0 passed; 0 failed; 0 ignored; 0 measured; 0 filtered out; finished in 0.00s

