
Running 15 tests using 1 worker

(node:59196) Warning: The 'NO_COLOR' env is ignored due to the 'FORCE_COLOR' env being set.
(Use `node --trace-warnings ...` to show where the warning was created)
(node:59196) Warning: The 'NO_COLOR' env is ignored due to the 'FORCE_COLOR' env being set.
(Use `node --trace-warnings ...` to show where the warning was created)
  ✓   1 tests/e2e/canvas-first.spec.js:35:1 › Canvas first: place support, draw force, edit assignments and undo without dialogs (13.4s)
  ✓   2 tests/e2e/canvas-first.spec.js:99:1 › Canvas first: two-click members, distributed loads, measure and nonmodal precision panel (6.6s)
  ✓   3 tests/e2e/canvas-first.spec.js:139:1 › Canvas first: point-to-point copy and dependency delete stay on canvas (5.6s)
  ✓   4 tests/e2e/canvas-first.spec.js:164:1 › Canvas first: node placement, split, move and Escape preserve atomic history (8.4s)
  ✓   5 tests/e2e/canvas-first.spec.js:205:1 › Readable labels hide internal IDs and persist after copy and reopen (6.8s)
  ✓   6 tests/e2e/design-previews.spec.js:6:3 › Concrete preview rcBeam: source, stale, undo, persistence and export (6.4s)
  ✓   7 tests/e2e/design-previews.spec.js:6:3 › Concrete preview slab: source, stale, undo, persistence and export (5.3s)
  ✓   8 tests/e2e/design-previews.spec.js:6:3 › Concrete preview padFooting: source, stale, undo, persistence and export (6.4s)
  ✓   9 tests/e2e/hierarchy.spec.js:18:1 › M03 hierarchy: split shows physical parent and analytical children (3.9s)
  ✓  10 tests/e2e/model-explorer.spec.js:3:1 › Reference Explorer: nested elements, search, disclosure state and selection (6.1s)
  ✓  11 tests/e2e/native-steel-design.spec.js:43:1 › DW-E/F: model-native catalogue, check, provenance, stale, undo and reopen (8.4s)
  ✓  12 tests/e2e/native-steel-design.spec.js:134:1 › DW-F4: fail reaches governing station and clause; LTB stays unsupported (6.2s)
  ✘  13 tests/e2e/structure-model.spec.js:9:1 › Authored structure survives save, undo, topology and reopen; invalid bindings fail closed (13.1s)
(node:59696) Warning: The 'NO_COLOR' env is ignored due to the 'FORCE_COLOR' env being set.
(Use `node --trace-warnings ...` to show where the warning was created)
(node:59696) Warning: The 'NO_COLOR' env is ignored due to the 'FORCE_COLOR' env being set.
(Use `node --trace-warnings ...` to show where the warning was created)
  ✘  14 tests/e2e/topology.spec.js:31:1 › M01 topology: axes, loaded split preview, undo, redo, oracle, save and reopen (8.1s)
(node:59740) Warning: The 'NO_COLOR' env is ignored due to the 'FORCE_COLOR' env being set.
(Use `node --trace-warnings ...` to show where the warning was created)
(node:59740) Warning: The 'NO_COLOR' env is ignored due to the 'FORCE_COLOR' env being set.
(Use `node --trace-warnings ...` to show where the warning was created)
  ✓  15 tests/e2e/topology.spec.js:131:1 › M01 topology: crossing stays disconnected, connect and merge are previewed and atomic (6.8s)


  1) tests/e2e/structure-model.spec.js:9:1 › Authored structure survives save, undo, topology and reopen; invalid bindings fail closed 

    Error: expect(locator).toHaveText(expected) failed

    Locator:  locator('#model-count')
    Expected: "3 nodes · 2 members"
    Received: "2 nodes · 1 members"
    Timeout:  5000ms

    Call log:
      - Expect "toHaveText" locator('#model-count') with timeout 5000ms
      - waiting for locator('#model-count')
        2 × locator resolved to <small id="model-count"></small>
          - unexpected value ""
        12 × locator resolved to <small id="model-count">2 nodes · 1 members</small>
           - unexpected value "2 nodes · 1 members"


      77 |   await page.reload();
      78 |   await page.locator("#recent-projects .recent-row").first().click();
    > 79 |   await expect(page.locator("#model-count")).toHaveText("3 nodes · 2 members");
         |                                              ^
      80 |   expect((await exported(page)).structure).toEqual(split.structure);
      81 |   await page.locator("#explorer-expand").click();
      82 |   await page.locator(`[data-structure-id="${owner.id}"]`).click();
        at /Users/p.munaawa/Documents/projects/labs/prokon/tests/e2e/structure-model.spec.js:79:46

    attachment #1: screenshot (image/png) ──────────────────────────────────────────────────────────
    test-results/e2e-structure-model-Author-b4343-nvalid-bindings-fail-closed/test-failed-1.png
    ────────────────────────────────────────────────────────────────────────────────────────────────

    Error Context: test-results/e2e-structure-model-Author-b4343-nvalid-bindings-fail-closed/error-context.md

    attachment #3: trace (application/zip) ─────────────────────────────────────────────────────────
    test-results/e2e-structure-model-Author-b4343-nvalid-bindings-fail-closed/trace.zip
    Usage:

        npx playwright show-trace test-results/e2e-structure-model-Author-b4343-nvalid-bindings-fail-closed/trace.zip

    ────────────────────────────────────────────────────────────────────────────────────────────────

  2) tests/e2e/topology.spec.js:31:1 › M01 topology: axes, loaded split preview, undo, redo, oracle, save and reopen 

    Error: expect(received).toEqual(expected) // deep equality

    - Expected  -   1
    + Received  + 338

    - Array []
    + Array [
    +   Object {
    +     "description": "Ensure the contrast between foreground and background colors meets WCAG 2 AA minimum contrast ratio thresholds",
    +     "help": "Elements must meet minimum color contrast ratio thresholds",
    +     "helpUrl": "https://dequeuniversity.com/rules/axe/4.13/color-contrast?application=playwright",
    +     "id": "color-contrast",
    +     "impact": "serious",
    +     "nodes": Array [
    +       Object {
    +         "all": Array [],
    +         "any": Array [
    +           Object {
    +             "data": Object {
    +               "bgColor": "#ffffff",
    +               "contrastRatio": 4.23,
    +               "expectedContrastRatio": "4.5:1",
    +               "fgColor": "#6b7d90",
    +               "fontSize": "6.8pt (9px)",
    +               "fontWeight": "normal",
    +               "messageKey": null,
    +             },
    +             "id": "color-contrast",
    +             "impact": "serious",
    +             "message": "Element has insufficient color contrast of 4.23 (foreground color: #6b7d90, background color: #ffffff, font size: 6.8pt (9px), font weight: normal). Expected contrast ratio of 4.5:1",
    +             "relatedNodes": Array [
    +               Object {
    +                 "html": "<aside class=\"model-panel\">",
    +                 "target": Array [
    +                   ".model-panel",
    +                 ],
    +               },
    +             ],
    +           },
    +         ],
    +         "failureSummary": "Fix any of the following:
    +   Element has insufficient color contrast of 4.23 (foreground color: #6b7d90, background color: #ffffff, font size: 6.8pt (9px), font weight: normal). Expected contrast ratio of 4.5:1",
    +         "html": "<small>unassigned</small>",
    +         "impact": "serious",
    +         "none": Array [],
    +         "target": Array [
    +           "button[data-structure-key=\"physicalMembers\"] > small",
    +         ],
    +       },
    +       Object {
    +         "all": Array [],
    +         "any": Array [
    +           Object {
    +             "data": Object {
    +               "bgColor": "#ffffff",
    +               "contrastRatio": 4.23,
    +               "expectedContrastRatio": "4.5:1",
    +               "fgColor": "#6b7d90",
    +               "fontSize": "6.8pt (9px)",
    +               "fontWeight": "normal",
    +               "messageKey": null,
    +             },
    +             "id": "color-contrast",
    +             "impact": "serious",
    +             "message": "Element has insufficient color contrast of 4.23 (foreground color: #6b7d90, background color: #ffffff, font size: 6.8pt (9px), font weight: normal). Expected contrast ratio of 4.5:1",
    +             "relatedNodes": Array [
    +               Object {
    +                 "html": "<aside class=\"model-panel\">",
    +                 "target": Array [
    +                   ".model-panel",
    +                 ],
    +               },
    +             ],
    +           },
    +         ],
    +         "failureSummary": "Fix any of the following:
    +   Element has insufficient color contrast of 4.23 (foreground color: #6b7d90, background color: #ffffff, font size: 6.8pt (9px), font weight: normal). Expected contrast ratio of 4.5:1",
    +         "html": "<small>n1</small>",
    +         "impact": "serious",
    +         "none": Array [],
    +         "target": Array [
    +           "button[data-entity-id=\"s1\"] > small",
    +         ],
    +       },
    +       Object {
    +         "all": Array [],
    +         "any": Array [
    +           Object {
    +             "data": Object {
    +               "bgColor": "#ffffff",
    +               "contrastRatio": 4.23,
    +               "expectedContrastRatio": "4.5:1",
    +               "fgColor": "#6b7d90",
    +               "fontSize": "6.8pt (9px)",
    +               "fontWeight": "normal",
    +               "messageKey": null,
    +             },
    +             "id": "color-contrast",
    +             "impact": "serious",
    +             "message": "Element has insufficient color contrast of 4.23 (foreground color: #6b7d90, background color: #ffffff, font size: 6.8pt (9px), font weight: normal). Expected contrast ratio of 4.5:1",
    +             "relatedNodes": Array [
    +               Object {
    +                 "html": "<aside class=\"model-panel\">",
    +                 "target": Array [
    +                   ".model-panel",
    +                 ],
    +               },
    +             ],
    +           },
    +         ],
    +         "failureSummary": "Fix any of the following:
    +   Element has insufficient color contrast of 4.23 (foreground color: #6b7d90, background color: #ffffff, font size: 6.8pt (9px), font weight: normal). Expected contrast ratio of 4.5:1",
    +         "html": "<small>n2</small>",
    +         "impact": "serious",
    +         "none": Array [],
    +         "target": Array [
    +           "button[data-entity-id=\"s2\"] > small",
    +         ],
    +       },
    +       Object {
    +         "all": Array [],
    +         "any": Array [
    +           Object {
    +             "data": Object {
    +               "bgColor": "#ffffff",
    +               "contrastRatio": 3.47,
    +               "expectedContrastRatio": "4.5:1",
    +               "fgColor": "#7e8b9a",
    +               "fontSize": "7.5pt (10px)",
    +               "fontWeight": "normal",
    +               "messageKey": null,
    +             },
    +             "id": "color-contrast",
    +             "impact": "serious",
    +             "message": "Element has insufficient color contrast of 3.47 (foreground color: #7e8b9a, background color: #ffffff, font size: 7.5pt (10px), font weight: normal). Expected contrast ratio of 4.5:1",
    +             "relatedNodes": Array [
    +               Object {
    +                 "html": "<aside class=\"model-panel\">",
    +                 "target": Array [
    +                   ".model-panel",
    +                 ],
    +               },
    +             ],
    +           },
    +         ],
    +         "failureSummary": "Fix any of the following:
    +   Element has insufficient color contrast of 3.47 (foreground color: #7e8b9a, background color: #ffffff, font size: 7.5pt (10px), font weight: normal). Expected contrast ratio of 4.5:1",
    +         "html": "<p class=\"explorer-empty\">None in this model</p>",
    +         "impact": "serious",
    +         "none": Array [],
    +         "target": Array [
    +           "details[data-branch=\"rcBeam\"] > .explorer-children > .explorer-empty",
    +         ],
    +       },
    +       Object {
    +         "all": Array [],
    +         "any": Array [
    +           Object {
    +             "data": Object {
    +               "bgColor": "#ffffff",
    +               "contrastRatio": 3.47,
    +               "expectedContrastRatio": "4.5:1",
    +               "fgColor": "#7e8b9a",
    +               "fontSize": "7.5pt (10px)",
    +               "fontWeight": "normal",
    +               "messageKey": null,
    +             },
    +             "id": "color-contrast",
    +             "impact": "serious",
    +             "message": "Element has insufficient color contrast of 3.47 (foreground color: #7e8b9a, background color: #ffffff, font size: 7.5pt (10px), font weight: normal). Expected contrast ratio of 4.5:1",
    +             "relatedNodes": Array [
    +               Object {
    +                 "html": "<aside class=\"model-panel\">",
    +                 "target": Array [
    +                   ".model-panel",
    +                 ],
    +               },
    +             ],
    +           },
    +         ],
    +         "failureSummary": "Fix any of the following:
    +   Element has insufficient color contrast of 3.47 (foreground color: #7e8b9a, background color: #ffffff, font size: 7.5pt (10px), font weight: normal). Expected contrast ratio of 4.5:1",
    +         "html": "<p class=\"explorer-empty\">None in this model</p>",
    +         "impact": "serious",
    +         "none": Array [],
    +         "target": Array [
    +           "details[data-branch=\"slab\"] > .explorer-children > .explorer-empty",
    +         ],
    +       },
    +       Object {
    +         "all": Array [],
    +         "any": Array [
    +           Object {
    +             "data": Object {
    +               "bgColor": "#ffffff",
    +               "contrastRatio": 3.47,
    +               "expectedContrastRatio": "4.5:1",
    +               "fgColor": "#7e8b9a",
    +               "fontSize": "7.5pt (10px)",
    +               "fontWeight": "normal",
    +               "messageKey": null,
    +             },
    +             "id": "color-contrast",
    +             "impact": "serious",
    +             "message": "Element has insufficient color contrast of 3.47 (foreground color: #7e8b9a, background color: #ffffff, font size: 7.5pt (10px), font weight: normal). Expected contrast ratio of 4.5:1",
    +             "relatedNodes": Array [
    +               Object {
    +                 "html": "<aside class=\"model-panel\">",
    +                 "target": Array [
    +                   ".model-panel",
    +                 ],
    +               },
    +             ],
    +           },
    +         ],
    +         "failureSummary": "Fix any of the following:
    +   Element has insufficient color contrast of 3.47 (foreground color: #7e8b9a, background color: #ffffff, font size: 7.5pt (10px), font weight: normal). Expected contrast ratio of 4.5:1",
    +         "html": "<p class=\"explorer-empty\">None in this model</p>",
    +         "impact": "serious",
    +         "none": Array [],
    +         "target": Array [
    +           "details[data-branch=\"padFooting\"] > .explorer-children > .explorer-empty",
    +         ],
    +       },
    +       Object {
    +         "all": Array [],
    +         "any": Array [
    +           Object {
    +             "data": Object {
    +               "bgColor": "#ffffff",
    +               "contrastRatio": 4.23,
    +               "expectedContrastRatio": "4.5:1",
    +               "fgColor": "#6b7d90",
    +               "fontSize": "6.8pt (9px)",
    +               "fontWeight": "normal",
    +               "messageKey": null,
    +             },
    +             "id": "color-contrast",
    +             "impact": "serious",
    +             "message": "Element has insufficient color contrast of 4.23 (foreground color: #6b7d90, background color: #ffffff, font size: 6.8pt (9px), font weight: normal). Expected contrast ratio of 4.5:1",
    +             "relatedNodes": Array [
    +               Object {
    +                 "html": "<aside class=\"model-panel\">",
    +                 "target": Array [
    +                   ".model-panel",
    +                 ],
    +               },
    +             ],
    +           },
    +         ],
    +         "failureSummary": "Fix any of the following:
    +   Element has insufficient color contrast of 4.23 (foreground color: #6b7d90, background color: #ffffff, font size: 6.8pt (9px), font weight: normal). Expected contrast ratio of 4.5:1",
    +         "html": "<small>Reference load</small>",
    +         "impact": "serious",
    +         "none": Array [],
    +         "target": Array [
    +           "button[data-entity-key=\"loadCases\"] > small",
    +         ],
    +       },
    +       Object {
    +         "all": Array [],
    +         "any": Array [
    +           Object {
    +             "data": Object {
    +               "bgColor": "#ffffff",
    +               "contrastRatio": 4.23,
    +               "expectedContrastRatio": "4.5:1",
    +               "fgColor": "#6b7d90",
    +               "fontSize": "6.8pt (9px)",
    +               "fontWeight": "normal",
    +               "messageKey": null,
    +             },
    +             "id": "color-contrast",
    +             "impact": "serious",
    +             "message": "Element has insufficient color contrast of 4.23 (foreground color: #6b7d90, background color: #ffffff, font size: 6.8pt (9px), font weight: normal). Expected contrast ratio of 4.5:1",
    +             "relatedNodes": Array [
    +               Object {
    +                 "html": "<aside class=\"model-panel\">",
    +                 "target": Array [
    +                   ".model-panel",
    +                 ],
    +               },
    +             ],
    +           },
    +         ],
    +         "failureSummary": "Fix any of the following:
    +   Element has insufficient color contrast of 4.23 (foreground color: #6b7d90, background color: #ffffff, font size: 6.8pt (9px), font weight: normal). Expected contrast ratio of 4.5:1",
    +         "html": "<small>Synthetic isotropic material</small>",
    +         "impact": "serious",
    +         "none": Array [],
    +         "target": Array [
    +           "button[data-entity-key=\"materials\"] > small",
    +         ],
    +       },
    +       Object {
    +         "all": Array [],
    +         "any": Array [
    +           Object {
    +             "data": Object {
    +               "bgColor": "#ffffff",
    +               "contrastRatio": 4.23,
    +               "expectedContrastRatio": "4.5:1",
    +               "fgColor": "#6b7d90",
    +               "fontSize": "6.8pt (9px)",
    +               "fontWeight": "normal",
    +               "messageKey": null,
    +             },
    +             "id": "color-contrast",
    +             "impact": "serious",
    +             "message": "Element has insufficient color contrast of 4.23 (foreground color: #6b7d90, background color: #ffffff, font size: 6.8pt (9px), font weight: normal). Expected contrast ratio of 4.5:1",
    +             "relatedNodes": Array [
    +               Object {
    +                 "html": "<aside class=\"model-panel\">",
    +                 "target": Array [
    +                   ".model-panel",
    +                 ],
    +               },
    +             ],
    +           },
    +         ],
    +         "failureSummary": "Fix any of the following:
    +   Element has insufficient color contrast of 4.23 (foreground color: #6b7d90, background color: #ffffff, font size: 6.8pt (9px), font weight: normal). Expected contrast ratio of 4.5:1",
    +         "html": "<small>Synthetic principal section</small>",
    +         "impact": "serious",
    +         "none": Array [],
    +         "target": Array [
    +           "button[data-entity-key=\"sections\"] > small",
    +         ],
    +       },
    +     ],
    +     "tags": Array [
    +       "cat.color",
    +       "wcag2aa",
    +       "wcag143",
    +       "TTv5",
    +       "TT13.c",
    +       "EN-301-549",
    +       "EN-9.1.4.3",
    +       "ACT",
    +       "RGAAv4",
    +       "RGAA-3.2.1",
    +     ],
    +   },
    + ]

      65 |     .withTags(["wcag2a", "wcag2aa", "wcag21aa"])
      66 |     .analyze();
    > 67 |   expect(scan.violations).toEqual([]);
         |                           ^
      68 |   await page.screenshot({
      69 |     path: `${folder}/split-preview.png`,
      70 |     fullPage: true,
        at /Users/p.munaawa/Documents/projects/labs/prokon/tests/e2e/topology.spec.js:67:27

    attachment #1: screenshot (image/png) ──────────────────────────────────────────────────────────
    test-results/e2e-topology-M01-topology--1ffe9-redo-oracle-save-and-reopen/test-failed-1.png
    ────────────────────────────────────────────────────────────────────────────────────────────────

    Error Context: test-results/e2e-topology-M01-topology--1ffe9-redo-oracle-save-and-reopen/error-context.md

    attachment #3: trace (application/zip) ─────────────────────────────────────────────────────────
    test-results/e2e-topology-M01-topology--1ffe9-redo-oracle-save-and-reopen/trace.zip
    Usage:

        npx playwright show-trace test-results/e2e-topology-M01-topology--1ffe9-redo-oracle-save-and-reopen/trace.zip

    ────────────────────────────────────────────────────────────────────────────────────────────────

  2 failed
    tests/e2e/structure-model.spec.js:9:1 › Authored structure survives save, undo, topology and reopen; invalid bindings fail closed 
    tests/e2e/topology.spec.js:31:1 › M01 topology: axes, loaded split preview, undo, redo, oracle, save and reopen 
  13 passed (2.0m)
