
Running 29 tests using 1 worker

  ✓   1 tests/accessibility/a11y.spec.js:4:1 › landing and solved workspace accessibility (4.2s)
  ✓   2 tests/e2e/cad.spec.js:40:1 › M01 CAD pointer drawing, snap feedback, disconnected crossing and explicit connect (7.0s)
  ✓   3 tests/e2e/cad.spec.js:86:1 › M01 CAD multi-selection, move copy delete previews, measure and scoped shortcuts (15.5s)
  ✓   4 tests/e2e/cad.spec.js:152:1 › M01 CAD working planes, aligned grid, cursor zoom, box selection and camera invariance (7.6s)
  ✓   5 tests/e2e/keyboard.spec.js:20:1 › M01 keyboard-only portal creation, numeric drawing, table editing and solve (7.2s)
  ✓   6 tests/e2e/portal.spec.js:19:1 › M01 portal: setup, sway, edit coordinates, undo, draw, reject, save and reopen (17.6s)
  ✓   7 tests/e2e/portal.spec.js:144:1 › M01 drawing Escape does not mutate and compact controls do not overflow (4.3s)
  ✓   8 tests/e2e/robustness.spec.js:4:1 › storage quota failure is explicit and downloads survive (1.4s)
  ✓   9 tests/e2e/robustness.spec.js:26:1 › single writer lock protects the second tab (2.3s)
  ✓  10 tests/e2e/robustness.spec.js:45:1 › GPU device destruction recovers model and current result (2.4s)
  ✓  11 tests/e2e/robustness.spec.js:76:1 › unknown engineering fields rejected atomically (1.5s)
  ✓  12 tests/e2e/robustness.spec.js:89:1 › cancel terminates a blocked Worker and restores the model (4.9s)
  ✓  13 tests/e2e/topology.spec.js:30:1 › M01 topology: axes, loaded split preview, undo, redo, oracle, save and reopen (15.1s)
  ✓  14 tests/e2e/topology.spec.js:130:1 › M01 topology: crossing stays disconnected, connect and merge are previewed and atomic (8.5s)
  ✓  15 tests/e2e/workbench.spec.js:13:1 › M00-tour: edit, solve, stale, select, export, reopen, instability (7.5s)
  ✓  16 tests/e2e/workbench.spec.js:117:1 › GPU unavailable retains analysis and exports (1.4s)
  ✓  17 tests/e2e/workbench.spec.js:128:1 › invalid import preserves current model and results (2.8s)
  ✓  18 tests/e2e/workbench.spec.js:147:1 › undo restores model hash and redo re-applies edit (2.2s)
  ✓  19 tests/e2e/workbench.spec.js:161:1 › narrow screen retains tables and portable export (1.1s)
  ✓  20 tests/e2e/workbench.spec.js:177:1 › unit-suffixed inputs are converted by Rust; incompatible units preserve model (2.5s)
  ✓  21 tests/e2e/workspace-ux.spec.js:3:1 › UX ribbon, keyboard context menu and property drafts preserve model state (3.3s)
  ✓  22 tests/e2e/workspace-ux.spec.js:39:1 › UX responsive panel navigation retains editable properties and results (2.0s)
  ✓  23 tests/performance-cad.spec.js:7:1 › M01 CAD capacity: 1000-member editing, 10000-member import picking orbit and export (1.2m)
  ✓  24 tests/performance.spec.js:3:1 › local warm startup and repeated cantilever solve baseline (6.8s)
  ✓  25 tests/startup.spec.js:5:1 › M01 startup: cached controls and viewport, cold network and compressed payload (9.1s)
  ✓  26 tests/visual/graphics.spec.js:3:1 › GPU ID attachment agrees with authoritative CPU ray; zoom/resize preserve engineering hash (2.2s)
  ✓  27 tests/visual/m01-graphics.spec.js:5:3 › M01 graphics: DPR 1, far-origin rebase, near-coincident warning, resize and clipping (2.4s)
  ✓  28 tests/visual/m01-graphics.spec.js:5:3 › M01 graphics: DPR 2, far-origin rebase, near-coincident warning, resize and clipping (4.0s)
  ✓  29 tests/visual/m01-graphics.spec.js:63:1 › M01 graphics: depth occlusion and changing camera during asynchronous selection (1.9s)

  29 passed (3.8m)
(node:90431) Warning: The 'NO_COLOR' env is ignored due to the 'FORCE_COLOR' env being set.
(Use `node --trace-warnings ...` to show where the warning was created)
(node:90431) Warning: The 'NO_COLOR' env is ignored due to the 'FORCE_COLOR' env being set.
(Use `node --trace-warnings ...` to show where the warning was created)
